// Jest Snapshot v1, https://goo.gl/fbAQLP

exports[`AdminDashboard Component renders AdminDashboard component correctly 1`] = `
<div>
  <div>
    <div
      class="container-fluid m-3 p-3"
    >
      <div
        class="row"
      >
        <div
          class="col-md-3"
        >
          <div>
            Admin Menu
          </div>
        </div>
        <div
          class="col-md-9"
        >
          <div
            class="card w-75 p-3"
          >
            <h3>
               Admin Name : 
              John Doe
            </h3>
            <h3>
               Admin Email : 
              admin@example.com
            </h3>
            <h3>
               Admin Contact : 
              123-456-7890
            </h3>
          </div>
        </div>
      </div>
    </div>
  </div>
</div>
`;
